[INFO] Scanning for projects...
[WARNING] 
[WARNING] Some problems were encountered while building the effective model for com.bookstore:product-service:jar:1.0.0
[WARNING] 'dependencies.dependency.(groupId:artifactId:type:classifier)' must be unique: org.springframework.boot:spring-boot-starter-validation:jar -> duplicate declaration of version (?) @ line 39, column 21
[WARNING] 'dependencies.dependency.(groupId:artifactId:type:classifier)' must be unique: org.springframework.boot:spring-boot-starter-actuator:jar -> duplicate declaration of version (?) @ line 47, column 21
[WARNING] 
[WARNING] Some problems were encountered while building the effective model for com.bookstore:order-service:jar:1.0.0
[WARNING] 'dependencies.dependency.(groupId:artifactId:type:classifier)' must be unique: org.springframework.boot:spring-boot-starter-actuator:jar -> duplicate declaration of version (?) @ line 50, column 21
[WARNING] 
[WARNING] It is highly recommended to fix these problems because they threaten the stability of your build.
[WARNING] 
[WARNING] For this reason, future Maven versions might no longer support building such malformed projects.
[WARNING] 
[INFO] ------------------------------------------------------------------------
[INFO] Reactor Build Order:
[INFO] 
[INFO] BookStore Microservices                                            [pom]
[INFO] Eureka Server                                                      [jar]
[INFO] Config Server                                                      [jar]
[INFO] Common Library                                                     [jar]
[INFO] API Gateway                                                        [jar]
[INFO] User Service                                                       [jar]
[INFO] Admin Service                                                      [jar]
[INFO] Product Service                                                    [jar]
[INFO] Cart Service                                                       [jar]
[INFO] Wishlist Service                                                   [jar]
[INFO] Customer Details Service                                           [jar]
[INFO] Order Service                                                      [jar]
[INFO] Feedback Service                                                   [jar]
[INFO] Notification Service                                               [jar]
[INFO] 
[INFO] ---------------< com.bookstore:bookstore-microservices >----------------
[INFO] Building BookStore Microservices 1.0.0                            [1/14]
[INFO] --------------------------------[ pom ]---------------------------------
[INFO] 
[INFO] --- maven-clean-plugin:3.3.2:clean (default-clean) @ bookstore-microservices ---
[INFO] 
[INFO] --------------------< com.bookstore:eureka-server >---------------------
[INFO] Building Eureka Server 1.0.0                                      [2/14]
[INFO] --------------------------------[ jar ]---------------------------------
[INFO] 
[INFO] --- maven-clean-plugin:3.3.2:clean (default-clean) @ eureka-server ---
[INFO] Deleting D:\CG Projects\bookstore app\eureka-server\target
[INFO] 
[INFO] --- maven-resources-plugin:3.3.1:resources (default-resources) @ eureka-server ---
[INFO] Copying 1 resource from src\main\resources to target\classes
[INFO] Copying 0 resource from src\main\resources to target\classes
[INFO] 
[INFO] --- maven-compiler-plugin:3.11.0:compile (default-compile) @ eureka-server ---
[INFO] Changes detected - recompiling the module! :source
[INFO] Compiling 1 source file with javac [debug release 17] to target\classes
[INFO] 
[INFO] --- maven-resources-plugin:3.3.1:testResources (default-testResources) @ eureka-server ---
[INFO] skip non existing resourceDirectory D:\CG Projects\bookstore app\eureka-server\src\test\resources
[INFO] 
[INFO] --- maven-compiler-plugin:3.11.0:testCompile (default-testCompile) @ eureka-server ---
[INFO] No sources to compile
[INFO] 
[INFO] --- maven-surefire-plugin:3.1.2:test (default-test) @ eureka-server ---
[INFO] Tests are skipped.
[INFO] 
[INFO] --- maven-jar-plugin:3.3.0:jar (default-jar) @ eureka-server ---
[INFO] Building jar: D:\CG Projects\bookstore app\eureka-server\target\eureka-server-1.0.0.jar
[INFO] 
[INFO] --- spring-boot-maven-plugin:3.2.0:repackage (repackage) @ eureka-server ---
[INFO] Replacing main artifact D:\CG Projects\bookstore app\eureka-server\target\eureka-server-1.0.0.jar with repackaged archive, adding nested dependencies in BOOT-INF/.
[INFO] The original artifact has been renamed to D:\CG Projects\bookstore app\eureka-server\target\eureka-server-1.0.0.jar.original
[INFO] 
[INFO] --------------------< com.bookstore:config-server >---------------------
[INFO] Building Config Server 1.0.0                                      [3/14]
[INFO] --------------------------------[ jar ]---------------------------------
[INFO] 
[INFO] --- maven-clean-plugin:3.3.2:clean (default-clean) @ config-server ---
[INFO] Deleting D:\CG Projects\bookstore app\config-server\target
[INFO] 
[INFO] --- maven-resources-plugin:3.3.1:resources (default-resources) @ config-server ---
[INFO] Copying 1 resource from src\main\resources to target\classes
[INFO] Copying 0 resource from src\main\resources to target\classes
[INFO] 
[INFO] --- maven-compiler-plugin:3.11.0:compile (default-compile) @ config-server ---
[INFO] Changes detected - recompiling the module! :source
[INFO] Compiling 1 source file with javac [debug release 17] to target\classes
[INFO] 
[INFO] --- maven-resources-plugin:3.3.1:testResources (default-testResources) @ config-server ---
[INFO] skip non existing resourceDirectory D:\CG Projects\bookstore app\config-server\src\test\resources
[INFO] 
[INFO] --- maven-compiler-plugin:3.11.0:testCompile (default-testCompile) @ config-server ---
[INFO] No sources to compile
[INFO] 
[INFO] --- maven-surefire-plugin:3.1.2:test (default-test) @ config-server ---
[INFO] Tests are skipped.
[INFO] 
[INFO] --- maven-jar-plugin:3.3.0:jar (default-jar) @ config-server ---
[INFO] Building jar: D:\CG Projects\bookstore app\config-server\target\config-server-1.0.0.jar
[INFO] 
[INFO] --- spring-boot-maven-plugin:3.2.0:repackage (repackage) @ config-server ---
[INFO] Replacing main artifact D:\CG Projects\bookstore app\config-server\target\config-server-1.0.0.jar with repackaged archive, adding nested dependencies in BOOT-INF/.
[INFO] The original artifact has been renamed to D:\CG Projects\bookstore app\config-server\target\config-server-1.0.0.jar.original
[INFO] 
[INFO] ----------------------< com.bookstore:common-lib >----------------------
[INFO] Building Common Library 1.0.0                                     [4/14]
[INFO] --------------------------------[ jar ]---------------------------------
[INFO] 
[INFO] --- maven-clean-plugin:3.3.2:clean (default-clean) @ common-lib ---
[INFO] Deleting D:\CG Projects\bookstore app\common-lib\target
[INFO] 
[INFO] --- maven-resources-plugin:3.3.1:resources (default-resources) @ common-lib ---
[INFO] skip non existing resourceDirectory D:\CG Projects\bookstore app\common-lib\src\main\resources
[INFO] skip non existing resourceDirectory D:\CG Projects\bookstore app\common-lib\src\main\resources
[INFO] 
[INFO] --- maven-compiler-plugin:3.11.0:compile (default-compile) @ common-lib ---
[INFO] Changes detected - recompiling the module! :source
[INFO] Compiling 6 source files with javac [debug release 17] to target\classes
[INFO] 
[INFO] --- maven-resources-plugin:3.3.1:testResources (default-testResources) @ common-lib ---
[INFO] skip non existing resourceDirectory D:\CG Projects\bookstore app\common-lib\src\test\resources
[INFO] 
[INFO] --- maven-compiler-plugin:3.11.0:testCompile (default-testCompile) @ common-lib ---
[INFO] No sources to compile
[INFO] 
[INFO] --- maven-surefire-plugin:3.1.2:test (default-test) @ common-lib ---
[INFO] Tests are skipped.
[INFO] 
[INFO] --- maven-jar-plugin:3.3.0:jar (default-jar) @ common-lib ---
[INFO] Building jar: D:\CG Projects\bookstore app\common-lib\target\common-lib-1.0.0.jar
[INFO] 
[INFO] ---------------------< com.bookstore:api-gateway >----------------------
[INFO] Building API Gateway 1.0.0                                        [5/14]
[INFO] --------------------------------[ jar ]---------------------------------
[INFO] 
[INFO] --- maven-clean-plugin:3.3.2:clean (default-clean) @ api-gateway ---
[INFO] Deleting D:\CG Projects\bookstore app\api-gateway\target
[INFO] 
[INFO] --- maven-resources-plugin:3.3.1:resources (default-resources) @ api-gateway ---
[INFO] Copying 1 resource from src\main\resources to target\classes
[INFO] Copying 0 resource from src\main\resources to target\classes
[INFO] 
[INFO] --- maven-compiler-plugin:3.11.0:compile (default-compile) @ api-gateway ---
[INFO] Changes detected - recompiling the module! :dependency
[INFO] Compiling 2 source files with javac [debug release 17] to target\classes
[INFO] 
[INFO] --- maven-resources-plugin:3.3.1:testResources (default-testResources) @ api-gateway ---
[INFO] skip non existing resourceDirectory D:\CG Projects\bookstore app\api-gateway\src\test\resources
[INFO] 
[INFO] --- maven-compiler-plugin:3.11.0:testCompile (default-testCompile) @ api-gateway ---
[INFO] No sources to compile
[INFO] 
[INFO] --- maven-surefire-plugin:3.1.2:test (default-test) @ api-gateway ---
[INFO] Tests are skipped.
[INFO] 
[INFO] --- maven-jar-plugin:3.3.0:jar (default-jar) @ api-gateway ---
[INFO] Building jar: D:\CG Projects\bookstore app\api-gateway\target\api-gateway-1.0.0.jar
[INFO] 
[INFO] --- spring-boot-maven-plugin:3.2.0:repackage (repackage) @ api-gateway ---
[INFO] Replacing main artifact D:\CG Projects\bookstore app\api-gateway\target\api-gateway-1.0.0.jar with repackaged archive, adding nested dependencies in BOOT-INF/.
[INFO] The original artifact has been renamed to D:\CG Projects\bookstore app\api-gateway\target\api-gateway-1.0.0.jar.original
[INFO] 
[INFO] ---------------------< com.bookstore:user-service >---------------------
[INFO] Building User Service 1.0.0                                       [6/14]
[INFO] --------------------------------[ jar ]---------------------------------
[INFO] 
[INFO] --- maven-clean-plugin:3.3.2:clean (default-clean) @ user-service ---
[INFO] Deleting D:\CG Projects\bookstore app\user-service\target
[INFO] 
[INFO] --- maven-resources-plugin:3.3.1:resources (default-resources) @ user-service ---
[INFO] Copying 1 resource from src\main\resources to target\classes
[INFO] Copying 0 resource from src\main\resources to target\classes
[INFO] 
[INFO] --- maven-compiler-plugin:3.11.0:compile (default-compile) @ user-service ---
[INFO] Changes detected - recompiling the module! :dependency
[INFO] Compiling 12 source files with javac [debug release 17] to target\classes
[WARNING] /D:/CG Projects/bookstore app/user-service/src/main/java/com/bookstore/user/dto/RegisterRequest.java:[39,22] @Builder will ignore the initializing expression entirely. If you want the initializing expression to serve as default, add @Builder.Default. If it is not supposed to be settable during building, make the field final.
[WARNING] /D:/CG Projects/bookstore app/user-service/src/main/java/com/bookstore/user/entity/User.java:[48,21] @Builder will ignore the initializing expression entirely. If you want the initializing expression to serve as default, add @Builder.Default. If it is not supposed to be settable during building, make the field final.
[WARNING] /D:/CG Projects/bookstore app/user-service/src/main/java/com/bookstore/user/entity/User.java:[51,21] @Builder will ignore the initializing expression entirely. If you want the initializing expression to serve as default, add @Builder.Default. If it is not supposed to be settable during building, make the field final.
[INFO] 
[INFO] --- maven-resources-plugin:3.3.1:testResources (default-testResources) @ user-service ---
[INFO] skip non existing resourceDirectory D:\CG Projects\bookstore app\user-service\src\test\resources
[INFO] 
[INFO] --- maven-compiler-plugin:3.11.0:testCompile (default-testCompile) @ user-service ---
[INFO] No sources to compile
[INFO] 
[INFO] --- maven-surefire-plugin:3.1.2:test (default-test) @ user-service ---
[INFO] Tests are skipped.
[INFO] 
[INFO] --- maven-jar-plugin:3.3.0:jar (default-jar) @ user-service ---
[INFO] Building jar: D:\CG Projects\bookstore app\user-service\target\user-service-1.0.0.jar
[INFO] 
[INFO] --- spring-boot-maven-plugin:3.2.0:repackage (repackage) @ user-service ---
[INFO] Replacing main artifact D:\CG Projects\bookstore app\user-service\target\user-service-1.0.0.jar with repackaged archive, adding nested dependencies in BOOT-INF/.
[INFO] The original artifact has been renamed to D:\CG Projects\bookstore app\user-service\target\user-service-1.0.0.jar.original
[INFO] 
[INFO] --------------------< com.bookstore:admin-service >---------------------
[INFO] Building Admin Service 1.0.0                                      [7/14]
[INFO] --------------------------------[ jar ]---------------------------------
[INFO] 
[INFO] --- maven-clean-plugin:3.3.2:clean (default-clean) @ admin-service ---
[INFO] Deleting D:\CG Projects\bookstore app\admin-service\target
[INFO] 
[INFO] --- maven-resources-plugin:3.3.1:resources (default-resources) @ admin-service ---
[INFO] Copying 1 resource from src\main\resources to target\classes
[INFO] Copying 0 resource from src\main\resources to target\classes
[INFO] 
[INFO] --- maven-compiler-plugin:3.11.0:compile (default-compile) @ admin-service ---
[INFO] Changes detected - recompiling the module! :dependency
[INFO] Compiling 3 source files with javac [debug release 17] to target\classes
[INFO] -------------------------------------------------------------
[ERROR] COMPILATION ERROR : 
[INFO] -------------------------------------------------------------
[ERROR] /D:/CG Projects/bookstore app/admin-service/src/main/java/com/bookstore/admin/AdminServiceApplication.java:[6,43] package org.springframework.cloud.openfeign does not exist
[ERROR] /D:/CG Projects/bookstore app/admin-service/src/main/java/com/bookstore/admin/AdminServiceApplication.java:[10,2] cannot find symbol
  symbol: class EnableFeignClients
[INFO] 2 errors 
[INFO] -------------------------------------------------------------
[INFO] ------------------------------------------------------------------------
[INFO] Reactor Summary for BookStore Microservices 1.0.0:
[INFO] 
[INFO] BookStore Microservices ............................ SUCCESS [  0.121 s]
[INFO] Eureka Server ...................................... SUCCESS [  4.405 s]
[INFO] Config Server ...................................... SUCCESS [  1.515 s]
[INFO] Common Library ..................................... SUCCESS [  1.264 s]
[INFO] API Gateway ........................................ SUCCESS [  1.744 s]
[INFO] User Service ....................................... SUCCESS [  2.937 s]
[INFO] Admin Service ...................................... FAILURE [  0.816 s]
[INFO] Product Service .................................... SKIPPED
[INFO] Cart Service ....................................... SKIPPED
[INFO] Wishlist Service ................................... SKIPPED
[INFO] Customer Details Service ........................... SKIPPED
[INFO] Order Service ...................................... SKIPPED
[INFO] Feedback Service ................................... SKIPPED
[INFO] Notification Service ............................... SKIPPED
[INFO] ------------------------------------------------------------------------
[INFO] BUILD FAILURE
[INFO] ------------------------------------------------------------------------
[INFO] Total time:  13.588 s
[INFO] Finished at: 2026-04-28T13:54:46+05:30
[INFO] ------------------------------------------------------------------------
[ERROR] Failed to execute goal org.apache.maven.plugins:maven-compiler-plugin:3.11.0:compile (default-compile) on project admin-service: Compilation failure: Compilation failure: 
[ERROR] /D:/CG Projects/bookstore app/admin-service/src/main/java/com/bookstore/admin/AdminServiceApplication.java:[6,43] package org.springframework.cloud.openfeign does not exist
[ERROR] /D:/CG Projects/bookstore app/admin-service/src/main/java/com/bookstore/admin/AdminServiceApplication.java:[10,2] cannot find symbol
[ERROR]   symbol: class EnableFeignClients
[ERROR] -> [Help 1]
[ERROR] 
[ERROR] To see the full stack trace of the errors, re-run Maven with the -e switch.
[ERROR] Re-run Maven using the -X switch to enable full debug logging.
[ERROR] 
[ERROR] For more information about the errors and possible solutions, please read the following articles:
[ERROR] [Help 1] http://cwiki.apache.org/confluence/display/MAVEN/MojoFailureException
[ERROR] 
[ERROR] After correcting the problems, you can resume the build with the command
[ERROR]   mvn <args> -rf :admin-service
